[ +242 ms] Artifact Instance of 'MaterialFonts' is not required, skipping update.
[   +4 ms] Artifact Instance of 'GradleWrapper' is not required, skipping update.
[        ] Artifact Instance of 'AndroidGenSnapshotArtifacts' is not required, skipping update.
[        ] Artifact Instance of 'AndroidInternalBuildArtifacts' is not required, skipping update.
[        ] Artifact Instance of 'IOSEngineArtifacts' is not required, skipping update.
[        ] Artifact Instance of 'FlutterWebSdk' is not required, skipping update.
[   +1 ms] Artifact Instance of 'LegacyCanvasKitRemover' is not required, skipping update.
[        ] Artifact Instance of 'FlutterSdk' is not required, skipping update.
[        ] Artifact Instance of 'WindowsEngineArtifacts' is not required, skipping update.
[        ] Artifact Instance of 'MacOSEngineArtifacts' is not required, skipping update.
[        ] Artifact Instance of 'LinuxEngineArtifacts' is not required, skipping update.
[        ] Artifact Instance of 'LinuxFuchsiaSDKArtifacts' is not required, skipping update.
[        ] Artifact Instance of 'MacOSFuchsiaSDKArtifacts' is not required, skipping update.
[        ] Artifact Instance of 'FlutterRunnerSDKArtifacts' is not required, skipping update.
[        ] Artifact Instance of 'FlutterRunnerDebugSymbols' is not required, skipping update.
[        ] Artifact Instance of 'IosUsbArtifacts' is not required, skipping update.
[        ] Artifact Instance of 'IosUsbArtifacts' is not required, skipping update.
[        ] Artifact Instance of 'IosUsbArtifacts' is not required, skipping update.
[        ] Artifact Instance of 'IosUsbArtifacts' is not required, skipping update.
[        ] Artifact Instance of 'IosUsbArtifacts' is not required, skipping update.
[        ] Artifact Instance of 'IosUsbArtifacts' is not required, skipping update.
[        ] Artifact Instance of 'FontSubsetArtifacts' is not required, skipping update.
[        ] Artifact Instance of 'PubDependencies' is not required, skipping update.
[   +1 ms] executing: [D:\Dev\Scoop\apps\flutter\3.41.2/] git -c log.showSignature=false log HEAD -n 1 --pretty=format:%ad --date=iso
[ +128 ms] Exit code 0 from: git -c log.showSignature=false log HEAD -n 1 --pretty=format:%ad --date=iso
[        ] 2026-02-18 13:54:59 -0800
[  +14 ms] Found 1 files which will be executed as Widget Tests.
[   +4 ms] Artifact Instance of 'AndroidGenSnapshotArtifacts' is not required, skipping update.
[        ] Artifact Instance of 'AndroidInternalBuildArtifacts' is not required, skipping update.
[        ] Artifact Instance of 'IOSEngineArtifacts' is not required, skipping update.
[        ] Artifact Instance of 'FlutterWebSdk' is not required, skipping update.
[        ] Artifact Instance of 'FlutterEngineStamp' is not required, skipping update.
[        ] Artifact Instance of 'LegacyCanvasKitRemover' is not required, skipping update.
[   +1 ms] Artifact Instance of 'WindowsEngineArtifacts' is not required, skipping update.
[        ] Artifact Instance of 'MacOSEngineArtifacts' is not required, skipping update.
[        ] Artifact Instance of 'LinuxEngineArtifacts' is not required, skipping update.
[        ] Artifact Instance of 'LinuxFuchsiaSDKArtifacts' is not required, skipping update.
[        ] Artifact Instance of 'MacOSFuchsiaSDKArtifacts' is not required, skipping update.
[        ] Artifact Instance of 'FlutterRunnerSDKArtifacts' is not required, skipping update.
[        ] Artifact Instance of 'FlutterRunnerDebugSymbols' is not required, skipping update.
[  +48 ms] Artifact Instance of 'MaterialFonts' is not required, skipping update.
[        ] Artifact Instance of 'GradleWrapper' is not required, skipping update.
[        ] Artifact Instance of 'AndroidGenSnapshotArtifacts' is not required, skipping update.
[        ] Artifact Instance of 'AndroidInternalBuildArtifacts' is not required, skipping update.
[        ] Artifact Instance of 'IOSEngineArtifacts' is not required, skipping update.
[        ] Artifact Instance of 'FlutterWebSdk' is not required, skipping update.
[        ] Artifact Instance of 'FlutterEngineStamp' is not required, skipping update.
[        ] Artifact Instance of 'LegacyCanvasKitRemover' is not required, skipping update.
[        ] Artifact Instance of 'FlutterSdk' is not required, skipping update.
[        ] Artifact Instance of 'WindowsEngineArtifacts' is not required, skipping update.
[        ] Artifact Instance of 'MacOSEngineArtifacts' is not required, skipping update.
[        ] Artifact Instance of 'LinuxEngineArtifacts' is not required, skipping update.
[        ] Artifact Instance of 'LinuxFuchsiaSDKArtifacts' is not required, skipping update.
[        ] Artifact Instance of 'MacOSFuchsiaSDKArtifacts' is not required, skipping update.
[        ] Artifact Instance of 'FlutterRunnerSDKArtifacts' is not required, skipping update.
[        ] Artifact Instance of 'FlutterRunnerDebugSymbols' is not required, skipping update.
[        ] Artifact Instance of 'IosUsbArtifacts' is not required, skipping update.
[        ] Artifact Instance of 'IosUsbArtifacts' is not required, skipping update.
[        ] Artifact Instance of 'IosUsbArtifacts' is not required, skipping update.
[        ] Artifact Instance of 'IosUsbArtifacts' is not required, skipping update.
[        ] Artifact Instance of 'IosUsbArtifacts' is not required, skipping update.
[        ] Artifact Instance of 'IosUsbArtifacts' is not required, skipping update.
[        ] Artifact Instance of 'FontSubsetArtifacts' is not required, skipping update.
[        ] Artifact Instance of 'PubDependencies' is not required, skipping update.
[  +14 ms] Skipping pub get: version match.
[ +160 ms] Found plugin window_manager at C:\useralternativo\PubCache\hosted\pub.dev\window_manager-0.5.1\
[   +8 ms] Found plugin screen_retriever at C:\useralternativo\PubCache\hosted\pub.dev\screen_retriever-0.2.0\
[   +1 ms] Found plugin screen_retriever_windows at C:\useralternativo\PubCache\hosted\pub.dev\screen_retriever_windows-0.2.0\
[   +3 ms] Found plugin screen_retriever_macos at C:\useralternativo\PubCache\hosted\pub.dev\screen_retriever_macos-0.2.0\
[   +1 ms] Found plugin screen_retriever_linux at C:\useralternativo\PubCache\hosted\pub.dev\screen_retriever_linux-0.2.0\
[   +2 ms] Found plugin url_launcher at C:\useralternativo\PubCache\hosted\pub.dev\url_launcher-6.3.2\
[   +1 ms] Found plugin url_launcher_windows at C:\useralternativo\PubCache\hosted\pub.dev\url_launcher_windows-3.1.5\
[   +2 ms] Found plugin url_launcher_web at C:\useralternativo\PubCache\hosted\pub.dev\url_launcher_web-2.4.2\
[   +2 ms] Found plugin url_launcher_macos at C:\useralternativo\PubCache\hosted\pub.dev\url_launcher_macos-3.2.5\
[   +1 ms] Found plugin url_launcher_linux at C:\useralternativo\PubCache\hosted\pub.dev\url_launcher_linux-3.2.2\
[   +1 ms] Found plugin url_launcher_ios at C:\useralternativo\PubCache\hosted\pub.dev\url_launcher_ios-6.4.1\
[   +3 ms] Found plugin url_launcher_android at C:\useralternativo\PubCache\hosted\pub.dev\url_launcher_android-6.3.28\
[  +13 ms] Found plugin sqflite at C:\useralternativo\PubCache\hosted\pub.dev\sqflite-2.4.2\
[   +3 ms] Found plugin sqflite_darwin at C:\useralternativo\PubCache\hosted\pub.dev\sqflite_darwin-2.4.2\
[   +1 ms] Found plugin sqflite_android at C:\useralternativo\PubCache\hosted\pub.dev\sqflite_android-2.4.2+2\
[   +1 ms] Found plugin shared_preferences at C:\useralternativo\PubCache\hosted\pub.dev\shared_preferences-2.5.4\
[   +1 ms] Found plugin shared_preferences_windows at C:\useralternativo\PubCache\hosted\pub.dev\shared_preferences_windows-2.4.1\
[   +2 ms] Found plugin path_provider_windows at C:\useralternativo\PubCache\hosted\pub.dev\path_provider_windows-2.3.0\
[   +2 ms] Found plugin shared_preferences_web at C:\useralternativo\PubCache\hosted\pub.dev\shared_preferences_web-2.4.3\
[   +1 ms] Found plugin shared_preferences_linux at C:\useralternativo\PubCache\hosted\pub.dev\shared_preferences_linux-2.4.1\
[   +1 ms] Found plugin path_provider_linux at C:\useralternativo\PubCache\hosted\pub.dev\path_provider_linux-2.2.1\
[   +4 ms] Found plugin shared_preferences_foundation at C:\useralternativo\PubCache\hosted\pub.dev\shared_preferences_foundation-2.5.6\
[   +2 ms] Found plugin shared_preferences_android at C:\useralternativo\PubCache\hosted\pub.dev\shared_preferences_android-2.4.20\
[   +2 ms] Found plugin path_provider at C:\useralternativo\PubCache\hosted\pub.dev\path_provider-2.1.5\
[   +2 ms] Found plugin path_provider_foundation at C:\useralternativo\PubCache\hosted\pub.dev\path_provider_foundation-2.6.0\
[   +3 ms] Found plugin path_provider_android at C:\useralternativo\PubCache\hosted\pub.dev\path_provider_android-2.2.22\
[   +8 ms] Found plugin file_picker at C:\useralternativo\PubCache\hosted\pub.dev\file_picker-10.3.10\
[   +6 ms] Found plugin flutter_plugin_android_lifecycle at C:\useralternativo\PubCache\hosted\pub.dev\flutter_plugin_android_lifecycle-2.0.33\
[ +141 ms] Found plugin window_manager at C:\useralternativo\PubCache\hosted\pub.dev\window_manager-0.5.1\
[   +2 ms] Found plugin screen_retriever at C:\useralternativo\PubCache\hosted\pub.dev\screen_retriever-0.2.0\
[   +2 ms] Found plugin screen_retriever_windows at C:\useralternativo\PubCache\hosted\pub.dev\screen_retriever_windows-0.2.0\
[   +3 ms] Found plugin screen_retriever_macos at C:\useralternativo\PubCache\hosted\pub.dev\screen_retriever_macos-0.2.0\
[   +1 ms] Found plugin screen_retriever_linux at C:\useralternativo\PubCache\hosted\pub.dev\screen_retriever_linux-0.2.0\
[   +2 ms] Found plugin url_launcher at C:\useralternativo\PubCache\hosted\pub.dev\url_launcher-6.3.2\
[   +1 ms] Found plugin url_launcher_windows at C:\useralternativo\PubCache\hosted\pub.dev\url_launcher_windows-3.1.5\
[   +2 ms] Found plugin url_launcher_web at C:\useralternativo\PubCache\hosted\pub.dev\url_launcher_web-2.4.2\
[   +1 ms] Found plugin url_launcher_macos at C:\useralternativo\PubCache\hosted\pub.dev\url_launcher_macos-3.2.5\
[   +1 ms] Found plugin url_launcher_linux at C:\useralternativo\PubCache\hosted\pub.dev\url_launcher_linux-3.2.2\
[   +1 ms] Found plugin url_launcher_ios at C:\useralternativo\PubCache\hosted\pub.dev\url_launcher_ios-6.4.1\
[   +1 ms] Found plugin url_launcher_android at C:\useralternativo\PubCache\hosted\pub.dev\url_launcher_android-6.3.28\
[  +14 ms] Found plugin sqflite at C:\useralternativo\PubCache\hosted\pub.dev\sqflite-2.4.2\
[   +4 ms] Found plugin sqflite_darwin at C:\useralternativo\PubCache\hosted\pub.dev\sqflite_darwin-2.4.2\
[   +1 ms] Found plugin sqflite_android at C:\useralternativo\PubCache\hosted\pub.dev\sqflite_android-2.4.2+2\
[   +2 ms] Found plugin shared_preferences at C:\useralternativo\PubCache\hosted\pub.dev\shared_preferences-2.5.4\
[   +1 ms] Found plugin shared_preferences_windows at C:\useralternativo\PubCache\hosted\pub.dev\shared_preferences_windows-2.4.1\
[   +2 ms] Found plugin path_provider_windows at C:\useralternativo\PubCache\hosted\pub.dev\path_provider_windows-2.3.0\
[   +1 ms] Found plugin shared_preferences_web at C:\useralternativo\PubCache\hosted\pub.dev\shared_preferences_web-2.4.3\
[        ] Found plugin shared_preferences_linux at C:\useralternativo\PubCache\hosted\pub.dev\shared_preferences_linux-2.4.1\
[   +1 ms] Found plugin path_provider_linux at C:\useralternativo\PubCache\hosted\pub.dev\path_provider_linux-2.2.1\
[   +2 ms] Found plugin shared_preferences_foundation at C:\useralternativo\PubCache\hosted\pub.dev\shared_preferences_foundation-2.5.6\
[   +1 ms] Found plugin shared_preferences_android at C:\useralternativo\PubCache\hosted\pub.dev\shared_preferences_android-2.4.20\
[   +1 ms] Found plugin path_provider at C:\useralternativo\PubCache\hosted\pub.dev\path_provider-2.1.5\
[        ] Found plugin path_provider_foundation at C:\useralternativo\PubCache\hosted\pub.dev\path_provider_foundation-2.6.0\
[   +2 ms] Found plugin path_provider_android at C:\useralternativo\PubCache\hosted\pub.dev\path_provider_android-2.2.22\
[   +6 ms] Found plugin file_picker at C:\useralternativo\PubCache\hosted\pub.dev\file_picker-10.3.10\
[   +2 ms] Found plugin flutter_plugin_android_lifecycle at C:\useralternativo\PubCache\hosted\pub.dev\flutter_plugin_android_lifecycle-2.0.33\
[  +18 ms] Skipping generating web_plugin_registrant.dart because it is up-to-date.
[  +75 ms] Found plugin window_manager at C:\useralternativo\PubCache\hosted\pub.dev\window_manager-0.5.1\
[   +1 ms] Found plugin screen_retriever at C:\useralternativo\PubCache\hosted\pub.dev\screen_retriever-0.2.0\
[   +1 ms] Found plugin screen_retriever_windows at C:\useralternativo\PubCache\hosted\pub.dev\screen_retriever_windows-0.2.0\
[   +2 ms] Found plugin screen_retriever_macos at C:\useralternativo\PubCache\hosted\pub.dev\screen_retriever_macos-0.2.0\
[        ] Found plugin screen_retriever_linux at C:\useralternativo\PubCache\hosted\pub.dev\screen_retriever_linux-0.2.0\
[   +1 ms] Found plugin url_launcher at C:\useralternativo\PubCache\hosted\pub.dev\url_launcher-6.3.2\
[        ] Found plugin url_launcher_windows at C:\useralternativo\PubCache\hosted\pub.dev\url_launcher_windows-3.1.5\
[   +1 ms] Found plugin url_launcher_web at C:\useralternativo\PubCache\hosted\pub.dev\url_launcher_web-2.4.2\
[   +1 ms] Found plugin url_launcher_macos at C:\useralternativo\PubCache\hosted\pub.dev\url_launcher_macos-3.2.5\
[   +1 ms] Found plugin url_launcher_linux at C:\useralternativo\PubCache\hosted\pub.dev\url_launcher_linux-3.2.2\
[   +1 ms] Found plugin url_launcher_ios at C:\useralternativo\PubCache\hosted\pub.dev\url_launcher_ios-6.4.1\
[   +1 ms] Found plugin url_launcher_android at C:\useralternativo\PubCache\hosted\pub.dev\url_launcher_android-6.3.28\
[   +8 ms] Found plugin sqflite at C:\useralternativo\PubCache\hosted\pub.dev\sqflite-2.4.2\
[   +2 ms] Found plugin sqflite_darwin at C:\useralternativo\PubCache\hosted\pub.dev\sqflite_darwin-2.4.2\
[   +1 ms] Found plugin sqflite_android at C:\useralternativo\PubCache\hosted\pub.dev\sqflite_android-2.4.2+2\
[   +1 ms] Found plugin shared_preferences at C:\useralternativo\PubCache\hosted\pub.dev\shared_preferences-2.5.4\
[   +1 ms] Found plugin shared_preferences_windows at C:\useralternativo\PubCache\hosted\pub.dev\shared_preferences_windows-2.4.1\
[   +2 ms] Found plugin path_provider_windows at C:\useralternativo\PubCache\hosted\pub.dev\path_provider_windows-2.3.0\
[   +1 ms] Found plugin shared_preferences_web at C:\useralternativo\PubCache\hosted\pub.dev\shared_preferences_web-2.4.3\
[        ] Found plugin shared_preferences_linux at C:\useralternativo\PubCache\hosted\pub.dev\shared_preferences_linux-2.4.1\
[   +1 ms] Found plugin path_provider_linux at C:\useralternativo\PubCache\hosted\pub.dev\path_provider_linux-2.2.1\
[   +2 ms] Found plugin shared_preferences_foundation at C:\useralternativo\PubCache\hosted\pub.dev\shared_preferences_foundation-2.5.6\
[   +1 ms] Found plugin shared_preferences_android at C:\useralternativo\PubCache\hosted\pub.dev\shared_preferences_android-2.4.20\
[   +1 ms] Found plugin path_provider at C:\useralternativo\PubCache\hosted\pub.dev\path_provider-2.1.5\
[   +1 ms] Found plugin path_provider_foundation at C:\useralternativo\PubCache\hosted\pub.dev\path_provider_foundation-2.6.0\
[   +2 ms] Found plugin path_provider_android at C:\useralternativo\PubCache\hosted\pub.dev\path_provider_android-2.2.22\
[   +9 ms] Found plugin file_picker at C:\useralternativo\PubCache\hosted\pub.dev\file_picker-10.3.10\
[   +2 ms] Found plugin flutter_plugin_android_lifecycle at C:\useralternativo\PubCache\hosted\pub.dev\flutter_plugin_android_lifecycle-2.0.33\
[  +10 ms] Generating D:\Projetos Dev\REPOSITORIOS\Excalidraw\Notexia\android\app\src\main\java\io\flutter\plugins\GeneratedPluginRegistrant.java
[   +1 ms] Skipping generating GeneratedPluginRegistrant.java because it is up-to-date.
[   +5 ms] Skipping generating generated_plugin_registrant.h because it is up-to-date.
[   +1 ms] Skipping generating generated_plugin_registrant.cc because it is up-to-date.
[   +1 ms] Skipping generating generated_plugins.cmake because it is up-to-date.
[   +3 ms] Skipping generating generated_plugin_registrant.h because it is up-to-date.
[   +1 ms] Skipping generating generated_plugin_registrant.cc because it is up-to-date.
[   +1 ms] Skipping generating generated_plugins.cmake because it is up-to-date.
[   +2 ms] Skipping generating GeneratedPluginRegistrant.h because it is up-to-date.
[   +1 ms] Skipping generating GeneratedPluginRegistrant.m because it is up-to-date.
[   +1 ms] Skipping generating GeneratedPluginRegistrant.swift because it is up-to-date.
[ +365 ms] executing: C:\Program Files (x86)\Microsoft Visual Studio\Installer\vswhere.exe -format json -products * -utf8 -latest -version 16 -requires Microsoft.VisualStudio.Workload.NativeDesktop Microsoft.VisualStudio.Component.VC.Tools.x86.x64 Microsoft.VisualStudio.Component.VC.CMake.Project
[  +68 ms] Exit code 0 from: C:\Program Files (x86)\Microsoft Visual Studio\Installer\vswhere.exe -format json -products * -utf8 -latest -version 16 -requires Microsoft.VisualStudio.Workload.NativeDesktop Microsoft.VisualStudio.Component.VC.Tools.x86.x64 Microsoft.VisualStudio.Component.VC.CMake.Project
[        ] []
[        ] executing: C:\Program Files (x86)\Microsoft Visual Studio\Installer\vswhere.exe -format json -products * -utf8 -latest -version 16 -requires Microsoft.VisualStudio.Workload.VCTools Microsoft.VisualStudio.Component.VC.Tools.x86.x64 Microsoft.VisualStudio.Component.VC.CMake.Project
[  +64 ms] Exit code 0 from: C:\Program Files (x86)\Microsoft Visual Studio\Installer\vswhere.exe -format json -products * -utf8 -latest -version 16 -requires Microsoft.VisualStudio.Workload.VCTools Microsoft.VisualStudio.Component.VC.Tools.x86.x64 Microsoft.VisualStudio.Component.VC.CMake.Project
[        ] [
             {
               "instanceId": "06f2d4d2",
               "installDate": "2025-11-19T00:18:54Z",
               "installationName": "VisualStudio/17.14.20+36705.20",
               "installationPath": "C:\\Program Files (x86)\\Microsoft Visual Studio\\2022\\BuildTools",
               "installationVersion": "17.14.36705.20",
               "productId": "Microsoft.VisualStudio.Product.BuildTools",
               "productPath": "C:\\Program Files (x86)\\Microsoft Visual Studio\\2022\\BuildTools\\Common7\\Tools\\LaunchDevCmd.bat",
               "state": 4294967295,
               "isComplete": true,
               "isLaunchable": true,
               "isPrerelease": false,
               "isRebootRequired": false,
               "displayName": "Ferramentas de Build do Visual Studio 2022",
               "description": "As Ferramentas de Build do Visual Studio permitem que voc├¬ compile aplicativos nativos e gerenciados com base no MSBuild sem precisar do IDE do Visual Studio. H├í op├º├Áes para instalar as bibliotecas e os compiladores do Visual C++, MFC, ATL e suporte C++/CLI.",
               "channelId": "VisualStudio.17.Release",
               "channelUri": "https://aka.ms/vs/17/release/channel",
               "enginePath": "C:\\Program Files (x86)\\Microsoft Visual Studio\\Installer\\resources\\app\\ServiceHub\\Services\\Microsoft.VisualStudio.Setup.Service",
               "installedChannelId": "VisualStudio.17.Release",
               "installedChannelUri": "https://aka.ms/vs/17/release/channel",
               "releaseNotes": "https://docs.microsoft.com/en-us/visualstudio/releases/2022/release-notes-v17.14#17.14.20",
               "resolvedInstallationPath": "C:\\Program Files (x86)\\Microsoft Visual Studio\\2022\\BuildTools",
               "thirdPartyNotices": "https://go.microsoft.com/fwlink/?LinkId=661288",
               "updateDate": "2025-11-19T00:18:54.8551145Z",
               "catalog": {
                 "buildBranch": "d17.14",
                 "buildVersion": "17.14.36705.20",
                 "id": "VisualStudio/17.14.20+36705.20",
                 "localBuild": "build-lab",
                 "manifestName": "VisualStudio",
                 "manifestType": "installer",
                 "productDisplayVersion": "17.14.20",
                 "productLine": "Dev17",
                 "productLineVersion": "2022",
                 "productMilestone": "RTW",
                 "productMilestoneIsPreRelease": "False",
                 "productName": "Visual Studio",
                 "productPatchVersion": "20",
                 "productPreReleaseMilestoneSuffix": "1.0",
                 "productSemanticVersion": "17.14.20+36705.20",
                 "requiredEngineVersion": "3.14.2086.54749"
               },
               "properties": {
                 "campaignId": "",
                 "channelManifestId": "VisualStudio.17.Release/17.14.20+36705.20",
                 "includeRecommended": "0",
                 "nickname": "",
                 "setupEngineFilePath": "C:\\Program Files (x86)\\Microsoft Visual Studio\\Installer\\setup.exe"
               }
             }
           ]
[   +4 ms] Building native assets for windows_x64.
[ +140 ms] input.json contents:
           {
             "assets": {},
             "config": {
               "build_asset_types": [
                 "code_assets/code"
               ],
               "extensions": {
                 "code_assets": {
                   "c_compiler": {
                     "ar": "C:\\Program Files (x86)\\Microsoft Visual Studio\\2022\\BuildTools\\VC\\Tools\\MSVC\\14.44.35207\\bin\\Hostx64\\x64\\lib.exe",
                     "cc": "C:\\Program Files (x86)\\Microsoft Visual Studio\\2022\\BuildTools\\VC\\Tools\\MSVC\\14.44.35207\\bin\\Hostx64\\x64\\cl.exe",
                     "ld": "C:\\Program Files (x86)\\Microsoft Visual Studio\\2022\\BuildTools\\VC\\Tools\\MSVC\\14.44.35207\\bin\\Hostx64\\x64\\link.exe",
                     "windows": {
                       "developer_command_prompt": {
                         "arguments": [],
                         "script": "C:\\Program Files (x86)\\Microsoft Visual Studio\\2022\\BuildTools\\VC\\Auxiliary\\Build\\vcvars64.bat"
                       }
                     }
                   },
                   "link_mode_preference": "dynamic",
                   "target_architecture": "x64",
                   "target_os": "windows"
                 }
               },
               "linking_enabled": false
             },
             "out_dir_shared": "D:\\Projetos Dev\\REPOSITORIOS\\Excalidraw\\Notexia\\.dart_tool\\hooks_runner\\shared\\objective_c\\build\\",
             "out_file": "D:\\Projetos Dev\\REPOSITORIOS\\Excalidraw\\Notexia\\.dart_tool\\hooks_runner\\objective_c\\196c15e30a\\output.json",
             "package_name": "objective_c",
             "package_root": "C:\\useralternativo\\PubCache\\hosted\\pub.dev\\objective_c-9.2.3\\",
             "user_defines": {}
           }
[  +10 ms] output.json contents:
           {
             "assets_for_linking": {},
             "status": "success",
             "timestamp": "2026-02-22 00:08:06.000"
           }
[   +6 ms] Skipping build for objective_c in D:\Projetos Dev\REPOSITORIOS\Excalidraw\Notexia\.dart_tool\hooks_runner\objective_c\196c15e30a\. Last build on 2026-02-22 00:08:06.000.
[  +21 ms] input.json contents:
           {
             "assets": {},
             "config": {
               "build_asset_types": [
                 "code_assets/code"
               ],
               "extensions": {
                 "code_assets": {
                   "c_compiler": {
                     "ar": "C:\\Program Files (x86)\\Microsoft Visual Studio\\2022\\BuildTools\\VC\\Tools\\MSVC\\14.44.35207\\bin\\Hostx64\\x64\\lib.exe",
                     "cc": "C:\\Program Files (x86)\\Microsoft Visual Studio\\2022\\BuildTools\\VC\\Tools\\MSVC\\14.44.35207\\bin\\Hostx64\\x64\\cl.exe",
                     "ld": "C:\\Program Files (x86)\\Microsoft Visual Studio\\2022\\BuildTools\\VC\\Tools\\MSVC\\14.44.35207\\bin\\Hostx64\\x64\\link.exe",
                     "windows": {
                       "developer_command_prompt": {
                         "arguments": [],
                         "script": "C:\\Program Files (x86)\\Microsoft Visual Studio\\2022\\BuildTools\\VC\\Auxiliary\\Build\\vcvars64.bat"
                       }
                     }
                   },
                   "link_mode_preference": "dynamic",
                   "target_architecture": "x64",
                   "target_os": "windows"
                 }
               },
               "linking_enabled": false
             },
             "out_dir_shared": "D:\\Projetos Dev\\REPOSITORIOS\\Excalidraw\\Notexia\\.dart_tool\\hooks_runner\\shared\\sqlite3\\build\\",
             "out_file": "D:\\Projetos Dev\\REPOSITORIOS\\Excalidraw\\Notexia\\.dart_tool\\hooks_runner\\sqlite3\\196c15e30a\\output.json",
             "package_name": "sqlite3",
             "package_root": "C:\\useralternativo\\PubCache\\hosted\\pub.dev\\sqlite3-3.1.4\\",
             "user_defines": {}
           }
[  +21 ms] output.json contents:
           {
             "assets": [
               {
                 "encoding": {
                   "file": "D:\\Projetos Dev\\REPOSITORIOS\\Excalidraw\\Notexia\\.dart_tool\\hooks_runner\\shared\\sqlite3\\build\\download-3e4f56e\\sqlite3.x64.windows.dll",
                   "id": "package:sqlite3/src/ffi/libsqlite3.g.dart",
                   "link_mode": {
                     "type": "dynamic_loading_bundle"
                   }
                 },
                 "type": "code_assets/code"
               }
             ],
             "assets_for_linking": {},
             "status": "success",
             "timestamp": "2026-02-22 00:08:06.000"
           }
[   +8 ms] Skipping build for sqlite3 in D:\Projetos Dev\REPOSITORIOS\Excalidraw\Notexia\.dart_tool\hooks_runner\sqlite3\196c15e30a\. Last build on 2026-02-22 00:08:06.000.
[   +9 ms] Note: You are using the dart build hooks feature which is currently in preview. Please see https://dart.dev/interop/c-interop#native-assets for more details.
[        ] Building native assets for windows_x64 done.
[   +4 ms] Copying native assets to D:\Projetos Dev\REPOSITORIOS\Excalidraw\Notexia\build\native_assets\windows\.
[   +7 ms] Copying native assets done.
[        ] Writing native assets json to file:///D:/Projetos%20Dev/REPOSITORIOS/Excalidraw/Notexia/build/native_assets/windows/native_assets.json.
[   +3 ms] Writing D:\Projetos Dev\REPOSITORIOS\Excalidraw\Notexia\build\native_assets\windows\native_assets.json done.
[ +287 ms] running test package with arguments: [--no-color, --chain-stack-traces, --, file:///D:/Projetos%20Dev/REPOSITORIOS/Excalidraw/Notexia/test/widget_test.dart?]
00:00 +0: loading D:/Projetos Dev/REPOSITORIOS/Excalidraw/Notexia/test/widget_test.dart
[ +237 ms] test 0: starting test D:/Projetos Dev/REPOSITORIOS/Excalidraw/Notexia/test/widget_test.dart
[   +7 ms] Stopping scan for flutter_test_config.dart; found project root at D:\Projetos Dev\REPOSITORIOS\Excalidraw\Notexia
[  +20 ms] Compiler will use the following file as its incremental dill file: C:\Users\JOSCAR~1\AppData\Local\Temp\flutter_tools.558065bd\flutter_test_compiler.30405458\output.dill
[        ] Listening to compiler controller...
[  +10 ms] Compiling file:///C:/Users/JOSCAR~1/AppData/Local/Temp/flutter_tools.558065bd/flutter_test_listener.d81a9d43/listener.dart
[ +162 ms] Found plugin window_manager at C:\useralternativo\PubCache\hosted\pub.dev\window_manager-0.5.1\
[   +2 ms] Found plugin screen_retriever at C:\useralternativo\PubCache\hosted\pub.dev\screen_retriever-0.2.0\
[   +2 ms] Found plugin screen_retriever_windows at C:\useralternativo\PubCache\hosted\pub.dev\screen_retriever_windows-0.2.0\
[   +5 ms] Found plugin screen_retriever_macos at C:\useralternativo\PubCache\hosted\pub.dev\screen_retriever_macos-0.2.0\
[   +2 ms] Found plugin screen_retriever_linux at C:\useralternativo\PubCache\hosted\pub.dev\screen_retriever_linux-0.2.0\
[   +5 ms] Found plugin url_launcher at C:\useralternativo\PubCache\hosted\pub.dev\url_launcher-6.3.2\
[   +3 ms] Found plugin url_launcher_windows at C:\useralternativo\PubCache\hosted\pub.dev\url_launcher_windows-3.1.5\
[   +3 ms] Found plugin url_launcher_web at C:\useralternativo\PubCache\hosted\pub.dev\url_launcher_web-2.4.2\
[   +3 ms] Found plugin url_launcher_macos at C:\useralternativo\PubCache\hosted\pub.dev\url_launcher_macos-3.2.5\
[   +2 ms] Found plugin url_launcher_linux at C:\useralternativo\PubCache\hosted\pub.dev\url_launcher_linux-3.2.2\
[   +1 ms] Found plugin url_launcher_ios at C:\useralternativo\PubCache\hosted\pub.dev\url_launcher_ios-6.4.1\
[   +1 ms] Found plugin url_launcher_android at C:\useralternativo\PubCache\hosted\pub.dev\url_launcher_android-6.3.28\
[  +16 ms] Found plugin sqflite at C:\useralternativo\PubCache\hosted\pub.dev\sqflite-2.4.2\
[   +5 ms] Found plugin sqflite_darwin at C:\useralternativo\PubCache\hosted\pub.dev\sqflite_darwin-2.4.2\
[   +1 ms] Found plugin sqflite_android at C:\useralternativo\PubCache\hosted\pub.dev\sqflite_android-2.4.2+2\
[   +2 ms] Found plugin shared_preferences at C:\useralternativo\PubCache\hosted\pub.dev\shared_preferences-2.5.4\
[   +2 ms] Found plugin shared_preferences_windows at C:\useralternativo\PubCache\hosted\pub.dev\shared_preferences_windows-2.4.1\
[   +3 ms] Found plugin path_provider_windows at C:\useralternativo\PubCache\hosted\pub.dev\path_provider_windows-2.3.0\
[   +2 ms] Found plugin shared_preferences_web at C:\useralternativo\PubCache\hosted\pub.dev\shared_preferences_web-2.4.3\
[   +1 ms] Found plugin shared_preferences_linux at C:\useralternativo\PubCache\hosted\pub.dev\shared_preferences_linux-2.4.1\
[   +1 ms] Found plugin path_provider_linux at C:\useralternativo\PubCache\hosted\pub.dev\path_provider_linux-2.2.1\
[   +5 ms] Found plugin shared_preferences_foundation at C:\useralternativo\PubCache\hosted\pub.dev\shared_preferences_foundation-2.5.6\
[   +3 ms] Found plugin shared_preferences_android at C:\useralternativo\PubCache\hosted\pub.dev\shared_preferences_android-2.4.20\
[   +2 ms] Found plugin path_provider at C:\useralternativo\PubCache\hosted\pub.dev\path_provider-2.1.5\
[   +2 ms] Found plugin path_provider_foundation at C:\useralternativo\PubCache\hosted\pub.dev\path_provider_foundation-2.6.0\
[   +5 ms] Found plugin path_provider_android at C:\useralternativo\PubCache\hosted\pub.dev\path_provider_android-2.2.22\
[  +13 ms] Found plugin file_picker at C:\useralternativo\PubCache\hosted\pub.dev\file_picker-10.3.10\
[   +4 ms] Found plugin flutter_plugin_android_lifecycle at C:\useralternativo\PubCache\hosted\pub.dev\flutter_plugin_android_lifecycle-2.0.33\
[  +18 ms] Skipping generating dart_plugin_registrant.dart because it is up-to-date.
[   +7 ms] D:\Dev\Scoop\apps\flutter\3.41.2\bin\cache\dart-sdk\bin\dartaotruntime.exe D:\Dev\Scoop\apps\flutter\3.41.2\bin\cache\dart-sdk\bin\snapshots\frontend_server_aot.dart.snapshot --sdk-root D:\Dev\Scoop\apps\flutter\3.41.2\bin\cache\artifacts\engine\common\flutter_patched_sdk/ --incremental --no-print-incremental-dependencies --target=flutter --experimental-emit-debug-metadata -DFLUTTER_VERSION=3.41.2 -DFLUTTER_CHANNEL=stable -DFLUTTER_GIT_URL=https://github.com/flutter/flutter.git -DFLUTTER_FRAMEWORK_REVISION=90673a4eef -DFLUTTER_ENGINE_REVISION=6c0baaebf7 -DFLUTTER_DART_VERSION=3.11.0 --output-dill C:\Users\JOSCAR~1\AppData\Local\Temp\flutter_tools.558065bd\flutter_test_compiler.30405458\output.dill --packages D:\Projetos Dev\REPOSITORIOS\Excalidraw\Notexia\.dart_tool\package_config.json -Ddart.vm.profile=false -Ddart.vm.product=false --enable-asserts --track-widget-creation --initialize-from-dill D:\Projetos Dev\REPOSITORIOS\Excalidraw\Notexia\build\test_cache\build\6f4a15e49d0bc622ec76656f5f470141.cache.dill.track.dill --verbosity=error
[  +16 ms] <- compile file:///C:/Users/JOSCAR~1/AppData/Local/Temp/flutter_tools.558065bd/flutter_test_listener.d81a9d43/listener.dart
[+1961 ms] <- accept
[        ] <- reset
[        ] Compiling file:///C:/Users/JOSCAR~1/AppData/Local/Temp/flutter_tools.558065bd/flutter_test_listener.d81a9d43/listener.dart took 2275ms
[        ] test 0: starting test device
[   +3 ms] test 0: awaiting connection to test device
[   +1 ms] test 0: VM Service uri is not available
[   +4 ms] test 0: test harness socket server is running at port:60552
[   +2 ms] Using this directory for fonts configuration: C:\Users\JOSCAR~1\AppData\Local\Temp\flutter_tools.558065bd\flutter_test_fonts.438f6ce4
[   +1 ms] test 0: Starting flutter_tester process with command=[D:\Dev\Scoop\apps\flutter\3.41.2\bin\cache\artifacts\engine\windows-x64\flutter_tester.exe, --disable-vm-service, --enable-checked-mode, --verify-entry-points, --enable-software-rendering, --skia-deterministic-rendering, --enable-dart-profiling, --non-interactive, --use-test-fonts, --disable-asset-fonts, --packages=D:\Projetos Dev\REPOSITORIOS\Excalidraw\Notexia\.dart_tool\package_config.json, --flutter-assets-dir=D:\Projetos Dev\REPOSITORIOS\Excalidraw\Notexia\build\unit_test_assets, C:\Users\JOSCAR~1\AppData\Local\Temp\flutter_tools.558065bd\flutter_test_listener.d81a9d43\listener.dart.dill], environment={FLUTTER_TEST: true, FONTCONFIG_FILE: C:\Users\JOSCAR~1\AppData\Local\Temp\flutter_tools.558065bd\flutter_test_fonts.438f6ce4/fonts.conf, SERVER_PORT: 60552, APP_NAME: notexia, UNIT_TEST_ASSETS: D:\Projetos Dev\REPOSITORIOS\Excalidraw\Notexia\build\unit_test_assets, PATH: D:\Projetos Dev\REPOSITORIOS\Excalidraw\Notexia\build\native_assets\windows\;D:\Dev\Scoop\apps\flutter\3.41.2\bin\;c:\Users\Jos├® Carlos\AppData\Local\Programs\cursor\resources\app\bin;C:\windows\system32;C:\windows;C:\windows\System32\Wbem;C:\windows\System32\WindowsPowerShell\v1.0\;C:\windows\System32\OpenSSH\;D:\Dev\Scoop\apps\nodejs\current\bin;D:\Dev\Scoop\apps\nodejs\current;D:\Dev\Scoop\apps\python\current\Scripts;D:\Dev\Scoop\apps\python\current;D:\Dev\Scoop\shims;C:\Users\Jos├® Carlos\AppData\Local\Microsoft\WindowsApps;C:\Users\Jos├® Carlos\AppData\Local\Programs\cursor\resources\app\bin;c:\Users\Jos├® Carlos\AppData\Local\Programs\cursor\resources\app\bin;C:\Program Files (x86)\ZeroTier\One\;C:\Program Files\gs\gs10.05.1\bin;C:\Program Files (x86)\PDFtk\bin\;C:\Program Files\dotnet\;D:\Dev\Scoop\apps\flutter\current\bin;D:\Dev\Scoop\apps\python\current\Scripts;D:\Dev\Scoop\apps\python\current;D:\Dev\Scoop\apps\nodejs\current\bin;D:\Dev\Scoop\apps\nodejs\current;c:\Users\Jos├® Carlos\AppData\Local\Programs\Trae\bin;D:\Dev\Scoop\shims;C:\Users\Jos├® Carlos\AppData\Local\Microsoft\WindowsApps;C:\Users\Jos├® Carlos\AppData\Local\Programs\Microsoft VS Code\bin;C:\Users\Jos├® Carlos\AppData\Local\Programs\cursor\resources\app\bin;C:\Users\Jos├® Carlos\AppData\Local\Programs\Windsurf\bin;C:\Users\Jos├® Carlos\AppData\Local\Programs\Antigravity\bin;D:\Dev\Scoop\apps\flutter\3.41.2\bin\mingit\cmd}
[   +7 ms] test 0: Started flutter_tester process at pid 14020
[ +534 ms] test 0: connected to test device, now awaiting test result
[        ] test 0: Waiting for test harness or tests to finish
00:00 +0: (setUpAll)
00:00 +0: Smoke test: NotexiaApp renders MainLayout and DrawingPage
ÔòÉÔòÉÔòí EXCEPTION CAUGHT BY RENDERING LIBRARY Ôò×ÔòÉÔòÉÔòÉÔòÉÔòÉÔòÉÔòÉÔòÉÔòÉÔòÉÔòÉÔòÉÔòÉÔòÉÔòÉÔòÉÔòÉÔòÉÔòÉÔòÉÔòÉÔòÉÔòÉÔòÉÔòÉÔòÉÔòÉÔòÉÔòÉÔòÉÔòÉÔòÉÔòÉÔòÉÔòÉÔòÉÔòÉÔòÉÔòÉÔòÉÔòÉÔòÉÔòÉÔòÉÔòÉÔòÉÔòÉÔòÉÔòÉÔòÉÔòÉÔòÉÔòÉÔòÉÔòÉÔòÉÔòÉ
The following assertion was thrown during layout:
A RenderFlex overflowed by 116 pixels on the right.

The relevant error-causing widget was:
  Row
  Row:file:///D:/Projetos%20Dev/REPOSITORIOS/Excalidraw/Notexia/lib/src/features/file_management/presentation/widgets/sidebar_widget.dart:60:16

The overflowing RenderFlex has an orientation of Axis.horizontal.
The edge of the RenderFlex that is overflowing has been marked in the rendering with a yellow and
black striped pattern. This is usually caused by the contents being too big for the RenderFlex.
Consider applying a flex factor (e.g. using an Expanded widget) to force the children of the
RenderFlex to fit within the available space instead of being sized to their natural size.
This is considered an error condition because it indicates that there is content that cannot be
seen. If the content is legitimately bigger than the available space, consider clipping it with a
ClipRect widget before putting it in the flex, or using a scrollable container rather than a Flex,
like a ListView.
The specific RenderFlex in question is: RenderFlex#5457f relayoutBoundary=up5 OVERFLOWING:
  creator: Row ÔåÉ Padding ÔåÉ DecoratedBox ÔåÉ ConstrainedBox ÔåÉ Container ÔåÉ MediaQuery ÔåÉ Padding ÔåÉ SafeArea
    ÔåÉ _SidebarHeader ÔåÉ Column ÔåÉ Padding ÔåÉ DecoratedBox ÔåÉ Ôï»
  parentData: offset=Offset(16.0, 12.0) (can use size)
  constraints: BoxConstraints(0.0<=w<=287.0, h=31.0)
  size: Size(287.0, 31.0)
  direction: horizontal
  mainAxisAlignment: start
  mainAxisSize: max
  crossAxisAlignment: center
  textDirection: ltr
  verticalDirection: down
  spacing: 0.0
ÔùóÔùñÔùóÔùñÔùóÔùñÔùóÔùñÔùóÔùñÔùóÔùñÔùóÔùñÔùóÔùñÔùóÔùñÔùóÔùñÔùóÔùñÔùóÔùñÔùóÔùñÔùóÔùñÔùóÔùñÔùóÔùñÔùóÔùñÔùóÔùñÔùóÔùñÔùóÔùñÔùóÔùñÔùóÔùñÔùóÔùñÔùóÔùñÔùóÔùñÔùóÔùñÔùóÔùñÔùóÔùñÔùóÔùñÔùóÔùñÔùóÔùñÔùóÔùñÔùóÔùñÔùóÔùñÔùóÔùñÔùóÔùñÔùóÔùñÔùóÔùñÔùóÔùñÔùóÔùñÔùóÔùñÔùóÔùñÔùóÔùñÔùóÔùñÔùóÔùñÔùóÔùñÔùóÔùñÔùóÔùñÔùóÔùñÔùóÔùñ
ÔòÉÔòÉÔòÉÔòÉÔòÉÔòÉÔòÉÔòÉÔòÉÔòÉÔòÉÔòÉÔòÉÔòÉÔòÉÔòÉÔòÉÔòÉÔòÉÔòÉÔòÉÔòÉÔòÉÔòÉÔòÉÔòÉÔòÉÔòÉÔòÉÔòÉÔòÉÔòÉÔòÉÔòÉÔòÉÔòÉÔòÉÔòÉÔòÉÔòÉÔòÉÔòÉÔòÉÔòÉÔòÉÔòÉÔòÉÔòÉÔòÉÔòÉÔòÉÔòÉÔòÉÔòÉÔòÉÔòÉÔòÉÔòÉÔòÉÔòÉÔòÉÔòÉÔòÉÔòÉÔòÉÔòÉÔòÉÔòÉÔòÉÔòÉÔòÉÔòÉÔòÉÔòÉÔòÉÔòÉÔòÉÔòÉÔòÉÔòÉÔòÉÔòÉÔòÉÔòÉÔòÉÔòÉÔòÉÔòÉÔòÉÔòÉÔòÉÔòÉÔòÉÔòÉÔòÉÔòÉÔòÉÔòÉÔòÉÔòÉ
00:01 +0 -1: Smoke test: NotexiaApp renders MainLayout and DrawingPage [E]
  Test failed. See exception logs above.
  The test description was: Smoke test: NotexiaApp renders MainLayout and DrawingPage
  
00:01 +0 -1: (tearDownAll)
[+1792 ms] test 0: Test harness is no longer needed by test process
[        ] test 0: finished
[   +1 ms] test 0: cleaning up...
[        ] test 0: ensuring test device is terminated.
[        ] test 0: Terminating flutter_tester process
[        ] test 0: Shutting down DevTools server
[        ] test 0: Test process is no longer needed by test harness
[   +1 ms] test 0: Shutting down test harness socket server
[  +26 ms] test 0: flutter_tester process at pid 14020 exited with code=-1
[        ] test 0: deleting temporary directory
[  +13 ms] test 0: finished
00:01 +0 -1: Some tests failed.
[   +6 ms] Deleting C:\Users\JOSCAR~1\AppData\Local\Temp\flutter_tools.558065bd\flutter_test_compiler.30405458...
[  +13 ms] killing pid 11608
[  +47 ms] Deleting C:\Users\JOSCAR~1\AppData\Local\Temp\flutter_tools.558065bd\flutter_test_fonts.438f6ce4...
[   +4 ms] test package returned with exit code 1
[        ] Runtime for phase TestRunner: Wall-clock: 0:00:05.034668; combined: 0:00:05.034697.
[        ] Runtime for phase Compile: Wall-clock: 0:00:02.275936; combined: 0:00:02.275961.
[        ] Runtime for phase Run: Wall-clock: 0:00:02.347150; combined: 0:00:02.347155.
[        ] Runtime for phase CoverageTotal: Wall-clock: 0:00:00.000000; combined: 0:00:00.000000.
[        ] Runtime for phase CoverageCollect: Wall-clock: 0:00:00.000000; combined: 0:00:00.000000.
[        ] Runtime for phase CoverageParseJson: Wall-clock: 0:00:00.000000; combined: 0:00:00.000000.
[        ] Runtime for phase CoverageAddHitmap: Wall-clock: 0:00:00.000000; combined: 0:00:00.000000.
[        ] Runtime for phase CoverageDataCollect: Wall-clock: 0:00:00.000000; combined: 0:00:00.000000.
[        ] Runtime for phase WatcherFinishedTest: Wall-clock: 0:00:00.000908; combined: 0:00:00.000910.
[   +7 ms] "flutter test" took 6.780ms.
[   +1 ms] Running 3 shutdown hooks
[   +3 ms] Shutdown hooks complete
[ +140 ms] exiting with code 1
